// Jest Snapshot v1, https://goo.gl/fbAQLP

exports[`Logo should match the snapshot 1`] = `
<picture>
  <source
    media="(max-width: 767.98px)"
    srcSet="/static/images/logo.png"
  />
  <img
    alt="Sabka Bazaar"
    className="logo-image"
    height="50"
    src="/static/images/logo_2x.png"
  />
</picture>
`;
